// Jest Snapshot v1, https://goo.gl/fbAQLP

exports[`renders InfoItem correctly 1`] = `
<div
  className="MuiGrid-root MuiGrid-container MuiGrid-spacing-xs-2 container css-mhc70k-MuiGrid-root"
>
  <div
    className="MuiGrid-root MuiGrid-item css-13i4rnv-MuiGrid-root"
  />
  <div
    className="MuiGrid-root MuiGrid-item name css-13i4rnv-MuiGrid-root"
  >
    Age
     :
  </div>
  <div
    className="MuiGrid-root MuiGrid-item value css-13i4rnv-MuiGrid-root"
  >
    18
  </div>
</div>
`;
