// Jest Snapshot v1, https://goo.gl/fbAQLP

exports[`renders InfoItem correctly 1`] = `
<div
  className="container"
>
  <div
    className="name"
  >
    Age
    :
  </div>
  <span
    className="MuiTypography-root MuiTypography-overline css-1kdyykn-MuiTypography-root"
  >
    18
  </span>
</div>
`;
